Using pre-set license
Built from '2022.3/release' branch; Version is '2022.3.61f1 (6c53ebaf375d) revision 7099371'; Using compiler version '192829333'; Build Type 'Release'
OS: 'Windows 10  (10.0.19045) 64bit Core' Language: 'ko' Physical Memory: 16297 MB
BatchMode: 1, IsHumanControllingUs: 0, StartBugReporterOnCrash: 0, Is64bit: 1, IsPro: 1

COMMAND LINE ARGUMENTS:
C:\Program Files\Unity 2022.3.61f1\Editor\Unity.exe
-adb2
-batchMode
-noUpm
-name
AssetImportWorker2
-projectPath
C:/Users/huije/OneDrive/바탕 화면/sbs_unity-real-1/Game
-logFile
Logs/AssetImportWorker2.log
-srvPort
58896
Successfully changed project path to: C:/Users/huije/OneDrive/바탕 화면/sbs_unity-real-1/Game
C:/Users/huije/OneDrive/바탕 화면/sbs_unity-real-1/Game
[UnityMemory] Configuration Parameters - Can be set up in boot.config
    "memorysetup-bucket-allocator-granularity=16"
    "memorysetup-bucket-allocator-bucket-count=8"
    "memorysetup-bucket-allocator-block-size=33554432"
    "memorysetup-bucket-allocator-block-count=8"
    "memorysetup-main-allocator-block-size=16777216"
    "memorysetup-thread-allocator-block-size=16777216"
    "memorysetup-gfx-main-allocator-block-size=16777216"
    "memorysetup-gfx-thread-allocator-block-size=16777216"
    "memorysetup-cache-allocator-block-size=4194304"
    "memorysetup-typetree-allocator-block-size=2097152"
    "memorysetup-profiler-bucket-allocator-granularity=16"
    "memorysetup-profiler-bucket-allocator-bucket-count=8"
    "memorysetup-profiler-bucket-allocator-block-size=33554432"
    "memorysetup-profiler-bucket-allocator-block-count=8"
    "memorysetup-profiler-allocator-block-size=16777216"
    "memorysetup-profiler-editor-allocator-block-size=1048576"
    "memorysetup-temp-allocator-size-main=16777216"
    "memorysetup-job-temp-allocator-block-size=2097152"
    "memorysetup-job-temp-allocator-block-size-background=1048576"
    "memorysetup-job-temp-allocator-reduction-small-platforms=262144"
    "memorysetup-allocator-temp-initial-block-size-main=262144"
    "memorysetup-allocator-temp-initial-block-size-worker=262144"
    "memorysetup-temp-allocator-size-background-worker=32768"
    "memorysetup-temp-allocator-size-job-worker=262144"
    "memorysetup-temp-allocator-size-preload-manager=33554432"
    "memorysetup-temp-allocator-size-nav-mesh-worker=65536"
    "memorysetup-temp-allocator-size-audio-worker=65536"
    "memorysetup-temp-allocator-size-cloud-worker=32768"
    "memorysetup-temp-allocator-size-gi-baking-worker=262144"
    "memorysetup-temp-allocator-size-gfx=262144"
Player connection [15828]  Target information:

Player connection [15828]  * "[IP] 192.168.219.111 [Port] 0 [Flags] 2 [Guid] 1297379230 [EditorId] 1297379230 [Version] 1048832 [Id] WindowsEditor(7,DESKTOP-P70E3PS) [Debug] 1 [PackageName] WindowsEditor [ProjectName] Editor" 

Player connection [15828] Host joined multi-casting on [225.0.0.222:54997]...
Player connection [15828] Host joined alternative multi-casting on [225.0.0.222:34997]...
Input System module state changed to: Initialized.
[PhysX] Initialized MultithreadedTaskDispatcher with 12 workers.
Refreshing native plugins compatible for Editor in 28.76 ms, found 3 plugins.
Preloading 0 native plugins for Editor in 0.00 ms.
Initialize engine version: 2022.3.61f1 (6c53ebaf375d)
[Subsystems] Discovering subsystems at path C:/Program Files/Unity 2022.3.61f1/Editor/Data/Resources/UnitySubsystems
[Subsystems] Discovering subsystems at path C:/Users/huije/OneDrive/바탕 화면/sbs_unity-real-1/Game/Assets
GfxDevice: creating device client; threaded=0; jobified=0
Direct3D:
    Version:  Direct3D 11.0 [level 11.1]
    Renderer: NVIDIA GeForce RTX 3060 (ID=0x2503)
    Vendor:   NVIDIA
    VRAM:     12115 MB
    Driver:   32.0.15.6094
Initialize mono
Mono path[0] = 'C:/Program Files/Unity 2022.3.61f1/Editor/Data/Managed'
Mono path[1] = 'C:/Program Files/Unity 2022.3.61f1/Editor/Data/MonoBleedingEdge/lib/mono/unityjit-win32'
Mono config path = 'C:/Program Files/Unity 2022.3.61f1/Editor/Data/MonoBleedingEdge/etc'
Using monoOptions --debugger-agent=transport=dt_socket,embedding=1,server=y,suspend=n,address=127.0.0.1:56672
Begin MonoManager ReloadAssembly
Registering precompiled unity dll's ...
Register platform support module: C:/Program Files/Unity 2022.3.61f1/Editor/Data/PlaybackEngines/WindowsStandaloneSupport/UnityEditor.WindowsStandalone.Extensions.dll
Registered in 0.008815 seconds.
- Loaded All Assemblies, in  0.474 seconds
Native extension for WindowsStandalone target not found
Mono: successfully reloaded assembly
- Finished resetting the current domain, in  0.278 seconds
Domain Reload Profiling: 749ms
	BeginReloadAssembly (135ms)
		ExecutionOrderSort (0ms)
		DisableScriptedObjects (0ms)
		BackupInstance (0ms)
		ReleaseScriptingObjects (0ms)
		CreateAndSetChildDomain (1ms)
	RebuildCommonClasses (42ms)
	RebuildNativeTypeToScriptingClass (11ms)
	initialDomainReloadingComplete (71ms)
	LoadAllAssembliesAndSetupDomain (211ms)
		LoadAssemblies (130ms)
		RebuildTransferFunctionScriptingTraits (0ms)
		AnalyzeDomain (209ms)
			TypeCache.Refresh (207ms)
				TypeCache.ScanAssembly (191ms)
			ScanForSourceGeneratedMonoScriptInfo (1ms)
			ResolveRequiredComponents (1ms)
	FinalizeReload (279ms)
		ReleaseScriptCaches (0ms)
		RebuildScriptCaches (0ms)
		SetupLoadedEditorAssemblies (229ms)
			LogAssemblyErrors (0ms)
			InitializePlatformSupportModulesInManaged (11ms)
			SetLoadedEditorAssemblies (8ms)
			RefreshPlugins (0ms)
			BeforeProcessingInitializeOnLoad (2ms)
			ProcessInitializeOnLoadAttributes (158ms)
			ProcessInitializeOnLoadMethodAttributes (49ms)
			AfterProcessingInitializeOnLoad (0ms)
			EditorAssembliesLoaded (0ms)
		ExecutionOrderSort2 (0ms)
		AwakeInstancesAfterBackupRestoration (0ms)
========================================================================
Worker process is ready to serve import requests
Caller must complete domain reload
Begin MonoManager ReloadAssembly
- Loaded All Assemblies, in  0.850 seconds
Native extension for WindowsStandalone target not found
Mono: successfully reloaded assembly
- Finished resetting the current domain, in  0.606 seconds
Domain Reload Profiling: 1445ms
	BeginReloadAssembly (181ms)
		ExecutionOrderSort (0ms)
		DisableScriptedObjects (7ms)
		BackupInstance (0ms)
		ReleaseScriptingObjects (0ms)
		CreateAndSetChildDomain (22ms)
	RebuildCommonClasses (39ms)
	RebuildNativeTypeToScriptingClass (12ms)
	initialDomainReloadingComplete (60ms)
	LoadAllAssembliesAndSetupDomain (547ms)
		LoadAssemblies (476ms)
		RebuildTransferFunctionScriptingTraits (0ms)
		AnalyzeDomain (185ms)
			TypeCache.Refresh (164ms)
				TypeCache.ScanAssembly (146ms)
			ScanForSourceGeneratedMonoScriptInfo (16ms)
			ResolveRequiredComponents (5ms)
	FinalizeReload (606ms)
		ReleaseScriptCaches (0ms)
		RebuildScriptCaches (0ms)
		SetupLoadedEditorAssemblies (459ms)
			LogAssemblyErrors (0ms)
			InitializePlatformSupportModulesInManaged (8ms)
			SetLoadedEditorAssemblies (3ms)
			RefreshPlugins (0ms)
			BeforeProcessingInitializeOnLoad (74ms)
			ProcessInitializeOnLoadAttributes (336ms)
			ProcessInitializeOnLoadMethodAttributes (23ms)
			AfterProcessingInitializeOnLoad (15ms)
			EditorAssembliesLoaded (0ms)
		ExecutionOrderSort2 (0ms)
		AwakeInstancesAfterBackupRestoration (7ms)
Launched and connected shader compiler UnityShaderCompiler.exe after 0.06 seconds
Refreshing native plugins compatible for Editor in 8.89 ms, found 3 plugins.
Preloading 0 native plugins for Editor in 0.00 ms.
Unloading 3129 Unused Serialized files (Serialized files now loaded: 0)
Unloading 19 unused Assets / (54.5 KB). Loaded Objects now: 3596.
Memory consumption went from 119.5 MB to 119.4 MB.
Total: 3.277200 ms (FindLiveObjects: 0.298700 ms CreateObjectMapping: 0.086200 ms MarkObjects: 2.763900 ms  DeleteObjects: 0.127300 ms)

AssetImportParameters requested are different than current active one (requested -> active):
  custom:container-demuxer-ogg: 62fdf1f143b41e24485cea50d1cbac27 -> 
  custom:video-decoder-ogg-theora: a1e56fd34408186e4bbccfd4996cb3dc -> 
  custom:framework-win-MediaFoundation: 216162199b28c13a410421893ffa2e32 -> 
  custom:CustomObjectIndexerAttribute: 9a22284fe3817be447336de3de66b15e -> 
  custom:container-demuxer-webm: 4f35f7cbe854078d1ac9338744f61a02 -> 
  custom:container-muxer-webm: aa71ff27fc2769a1b78a27578f13a17b -> 
  custom:video-decoder-webm-vp8: 9c59270c3fd7afecdb556c50c9e8de78 -> 
  custom:SearchIndexIgnoredProperties: e643bd26f0fe6173181afceb89e7c659 -> 
  custom:AudioImporter_EditorPlatform: d09bf68614088b80899f8185d706f6e7 -> 
  custom:video-encoder-webm-vp8: eb34c28f22e8b96e1ab97ce403110664 -> 
  custom:audio-decoder-ogg-vorbis: bf7c407c2cedff20999df2af8eb42d56 -> 
  custom:audio-encoder-webm-vorbis: bf7c407c2cedff20999df2af8eb42d56 -> 
========================================================================
Received Import Request.
  Time since last request: 671152.483814 seconds.
  path: Assets/Class13th(Physics)/danthaigames/DS Air Hockey Table
  artifactKey: Guid(1f993f270fa78bc4397953150dc24be0) Importer(815301076,1909f56bfc062723c751e8b465ee728b)
Start importing Assets/Class13th(Physics)/danthaigames/DS Air Hockey Table using Guid(1f993f270fa78bc4397953150dc24be0) Importer(815301076,1909f56bfc062723c751e8b465ee728b) [PhysX] Initialized MultithreadedTaskDispatcher with 12 workers.
 -> (artifact id: 'a30d4fce3f372d894550f28b41d53f09') in 0.003327 seconds
Number of updated asset objects reloaded before import = 0
Number of asset objects unloaded after import = 0
========================================================================
Received Import Request.
  Time since last request: 2.885433 seconds.
  path: Assets/Class13th(Physics)/danthaigames/DS Air Hockey Table/FBX
  artifactKey: Guid(8a7718d0f1363434a812aa16089d781b) Importer(815301076,1909f56bfc062723c751e8b465ee728b)
Start importing Assets/Class13th(Physics)/danthaigames/DS Air Hockey Table/FBX using Guid(8a7718d0f1363434a812aa16089d781b) Importer(815301076,1909f56bfc062723c751e8b465ee728b) [PhysX] Initialized MultithreadedTaskDispatcher with 12 workers.
 -> (artifact id: 'c9bf460a97ff2f7752275809153ec92e') in 0.000624 seconds
Number of updated asset objects reloaded before import = 0
Number of asset objects unloaded after import = 0
========================================================================
Received Import Request.
  Time since last request: 0.070869 seconds.
  path: Assets/Class13th(Physics)/danthaigames/DS Air Hockey Table/FBX/AirHockeyTable.fbx
  artifactKey: Guid(237bb6d337e1f5d44a63db1c585772b3) Importer(815301076,1909f56bfc062723c751e8b465ee728b)
Start importing Assets/Class13th(Physics)/danthaigames/DS Air Hockey Table/FBX/AirHockeyTable.fbx using Guid(237bb6d337e1f5d44a63db1c585772b3) Importer(815301076,1909f56bfc062723c751e8b465ee728b) [PhysX] Initialized MultithreadedTaskDispatcher with 12 workers.
[PhysX] Initialized MultithreadedTaskDispatcher with 12 workers.
[PhysX] Initialized MultithreadedTaskDispatcher with 12 workers.
[PhysX] Initialized MultithreadedTaskDispatcher with 12 workers.
[PhysX] Initialized MultithreadedTaskDispatcher with 12 workers.
[PhysX] Initialized MultithreadedTaskDispatcher with 12 workers.
[PhysX] Initialized MultithreadedTaskDispatcher with 12 workers.
 -> (artifact id: '220f64b0e14e76c421cbe85eab07389b') in 0.202761 seconds
Number of updated asset objects reloaded before import = 0
Number of asset objects unloaded after import = 12
========================================================================
Received Import Request.
  Time since last request: 13.215554 seconds.
  path: Assets/Class13th(Physics)/danthaigames/DS Air Hockey Table/Materials/Air Hockey Table.mat
  artifactKey: Guid(0e3eae44af1da7842a5c6e92a70ac0e2) Importer(815301076,1909f56bfc062723c751e8b465ee728b)
Start importing Assets/Class13th(Physics)/danthaigames/DS Air Hockey Table/Materials/Air Hockey Table.mat using Guid(0e3eae44af1da7842a5c6e92a70ac0e2) Importer(815301076,1909f56bfc062723c751e8b465ee728b) [PhysX] Initialized MultithreadedTaskDispatcher with 12 workers.
[PhysX] Initialized MultithreadedTaskDispatcher with 12 workers.
 -> (artifact id: 'd525a6c2ca9724eb0b7b3e73b764d292') in 0.027083 seconds
Number of updated asset objects reloaded before import = 0
Number of asset objects unloaded after import = 2
========================================================================
Received Import Request.
  Time since last request: 1.289431 seconds.
  path: Assets/Class13th(Physics)/danthaigames/DS Air Hockey Table/Prefabs/Air Hockey Table.prefab
  artifactKey: Guid(1d390c0994ed3b4468c969c0d66d0f1e) Importer(815301076,1909f56bfc062723c751e8b465ee728b)
Start importing Assets/Class13th(Physics)/danthaigames/DS Air Hockey Table/Prefabs/Air Hockey Table.prefab using Guid(1d390c0994ed3b4468c969c0d66d0f1e) Importer(815301076,1909f56bfc062723c751e8b465ee728b) [PhysX] Initialized MultithreadedTaskDispatcher with 12 workers.
[PhysX] Initialized MultithreadedTaskDispatcher with 12 workers.
 -> (artifact id: '1125ffd772cd56820c5fdc8cc509e8ab') in 0.025450 seconds
Number of updated asset objects reloaded before import = 0
Number of asset objects unloaded after import = 22
========================================================================
Received Import Request.
  Time since last request: 0.407249 seconds.
  path: Assets/Class13th(Physics)/danthaigames/DS Air Hockey Table/PSD/AirHocketyTable.psd
  artifactKey: Guid(7f1cfe66bd538f640a02960a4f9902f0) Importer(815301076,1909f56bfc062723c751e8b465ee728b)
Start importing Assets/Class13th(Physics)/danthaigames/DS Air Hockey Table/PSD/AirHocketyTable.psd using Guid(7f1cfe66bd538f640a02960a4f9902f0) Importer(815301076,1909f56bfc062723c751e8b465ee728b) [PhysX] Initialized MultithreadedTaskDispatcher with 12 workers.
[PhysX] Initialized MultithreadedTaskDispatcher with 12 workers.
 -> (artifact id: '24d2ccd165c2b3f9c6539aa0e58f3956') in 0.026090 seconds
Number of updated asset objects reloaded before import = 0
Number of asset objects unloaded after import = 2
========================================================================
Received Prepare
Caller must complete domain reload
Begin MonoManager ReloadAssembly
- Loaded All Assemblies, in  0.621 seconds
Native extension for WindowsStandalone target not found
Mono: successfully reloaded assembly
- Finished resetting the current domain, in  1.795 seconds
Domain Reload Profiling: 2407ms
	BeginReloadAssembly (219ms)
		ExecutionOrderSort (0ms)
		DisableScriptedObjects (5ms)
		BackupInstance (0ms)
		ReleaseScriptingObjects (0ms)
		CreateAndSetChildDomain (43ms)
	RebuildCommonClasses (44ms)
	RebuildNativeTypeToScriptingClass (17ms)
	initialDomainReloadingComplete (44ms)
	LoadAllAssembliesAndSetupDomain (288ms)
		LoadAssemblies (403ms)
		RebuildTransferFunctionScriptingTraits (0ms)
		AnalyzeDomain (16ms)
			TypeCache.Refresh (8ms)
				TypeCache.ScanAssembly (0ms)
			ScanForSourceGeneratedMonoScriptInfo (0ms)
			ResolveRequiredComponents (6ms)
	FinalizeReload (1795ms)
		ReleaseScriptCaches (0ms)
		RebuildScriptCaches (0ms)
		SetupLoadedEditorAssemblies (612ms)
			LogAssemblyErrors (0ms)
			InitializePlatformSupportModulesInManaged (9ms)
			SetLoadedEditorAssemblies (4ms)
			RefreshPlugins (0ms)
			BeforeProcessingInitializeOnLoad (111ms)
			ProcessInitializeOnLoadAttributes (439ms)
			ProcessInitializeOnLoadMethodAttributes (30ms)
			AfterProcessingInitializeOnLoad (19ms)
			EditorAssembliesLoaded (0ms)
		ExecutionOrderSort2 (0ms)
		AwakeInstancesAfterBackupRestoration (8ms)
Refreshing native plugins compatible for Editor in 13.52 ms, found 3 plugins.
Preloading 0 native plugins for Editor in 0.00 ms.
Unloading 3121 Unused Serialized files (Serialized files now loaded: 0)
Unloading 14 unused Assets / (28.5 KB). Loaded Objects now: 3645.
Memory consumption went from 123.2 MB to 123.2 MB.
Total: 4.140400 ms (FindLiveObjects: 0.460900 ms CreateObjectMapping: 0.157200 ms MarkObjects: 3.426100 ms  DeleteObjects: 0.095000 ms)

Prepare: number of updated asset objects reloaded= 0
AssetImportParameters requested are different than current active one (requested -> active):
  custom:container-demuxer-ogg: 62fdf1f143b41e24485cea50d1cbac27 -> 
  custom:video-decoder-ogg-theora: a1e56fd34408186e4bbccfd4996cb3dc -> 
  custom:framework-win-MediaFoundation: 216162199b28c13a410421893ffa2e32 -> 
  custom:CustomObjectIndexerAttribute: 9a22284fe3817be447336de3de66b15e -> 
  custom:container-demuxer-webm: 4f35f7cbe854078d1ac9338744f61a02 -> 
  custom:container-muxer-webm: aa71ff27fc2769a1b78a27578f13a17b -> 
  custom:video-decoder-webm-vp8: 9c59270c3fd7afecdb556c50c9e8de78 -> 
  custom:SearchIndexIgnoredProperties: e643bd26f0fe6173181afceb89e7c659 -> 
  custom:AudioImporter_EditorPlatform: d09bf68614088b80899f8185d706f6e7 -> 
  custom:video-encoder-webm-vp8: eb34c28f22e8b96e1ab97ce403110664 -> 
  custom:audio-decoder-ogg-vorbis: bf7c407c2cedff20999df2af8eb42d56 -> 
  custom:audio-encoder-webm-vorbis: bf7c407c2cedff20999df2af8eb42d56 -> 
========================================================================
Received Import Request.
  Time since last request: 347.168809 seconds.
  path: Assets/Class3th(Lifesycle)/Mini Simple Characters Skeleton Demo/Prefabs/Props/sword_wood.prefab
  artifactKey: Guid(a8cc610235c43164cb7d9665673d0322) Importer(815301076,1909f56bfc062723c751e8b465ee728b)
Start importing Assets/Class3th(Lifesycle)/Mini Simple Characters Skeleton Demo/Prefabs/Props/sword_wood.prefab using Guid(a8cc610235c43164cb7d9665673d0322) Importer(815301076,1909f56bfc062723c751e8b465ee728b) [PhysX] Initialized MultithreadedTaskDispatcher with 12 workers.
[PhysX] Initialized MultithreadedTaskDispatcher with 12 workers.
 -> (artifact id: 'a7095025699bf223b18482979c2b6002') in 0.082889 seconds
Number of updated asset objects reloaded before import = 0
Number of asset objects unloaded after import = 9
========================================================================
Received Import Request.
  Time since last request: 93.914561 seconds.
  path: Assets/Class13th(Physics)/Saritasa/Models/Sport_Balls/Materials/Baseball.mat
  artifactKey: Guid(ae7b6fa976e8e4b4c9c9860cfb3f8e64) Importer(815301076,1909f56bfc062723c751e8b465ee728b)
Start importing Assets/Class13th(Physics)/Saritasa/Models/Sport_Balls/Materials/Baseball.mat using Guid(ae7b6fa976e8e4b4c9c9860cfb3f8e64) Importer(815301076,1909f56bfc062723c751e8b465ee728b) [PhysX] Initialized MultithreadedTaskDispatcher with 12 workers.
[PhysX] Initialized MultithreadedTaskDispatcher with 12 workers.
 -> (artifact id: 'd1a66ce68ca13fb0081a0e72bb7ebf84') in 0.065832 seconds
Number of updated asset objects reloaded before import = 0
Number of asset objects unloaded after import = 4
========================================================================
Received Import Request.
  Time since last request: 0.318205 seconds.
  path: Assets/Class13th(Physics)/Saritasa/Models/Sport_Balls/Materials/Basketball.mat
  artifactKey: Guid(10b7871266d1efe43ae6ef0280580812) Importer(815301076,1909f56bfc062723c751e8b465ee728b)
Start importing Assets/Class13th(Physics)/Saritasa/Models/Sport_Balls/Materials/Basketball.mat using Guid(10b7871266d1efe43ae6ef0280580812) Importer(815301076,1909f56bfc062723c751e8b465ee728b) [PhysX] Initialized MultithreadedTaskDispatcher with 12 workers.
[PhysX] Initialized MultithreadedTaskDispatcher with 12 workers.
 -> (artifact id: '6f261d1e57c1967fc618a94ba3f0a660') in 0.026212 seconds
Number of updated asset objects reloaded before import = 0
Number of asset objects unloaded after import = 4
========================================================================
Received Import Request.
  Time since last request: 0.000029 seconds.
  path: Assets/Class13th(Physics)/Saritasa/Models/Sport_Balls/Materials/Soccer.mat
  artifactKey: Guid(15e7b918d93131b4f96541cfea771636) Importer(815301076,1909f56bfc062723c751e8b465ee728b)
Start importing Assets/Class13th(Physics)/Saritasa/Models/Sport_Balls/Materials/Soccer.mat using Guid(15e7b918d93131b4f96541cfea771636) Importer(815301076,1909f56bfc062723c751e8b465ee728b) [PhysX] Initialized MultithreadedTaskDispatcher with 12 workers.
[PhysX] Initialized MultithreadedTaskDispatcher with 12 workers.
 -> (artifact id: '02b0067bffb1d6d67ddd44a39f71cdd4') in 0.059772 seconds
Number of updated asset objects reloaded before import = 0
Number of asset objects unloaded after import = 4
========================================================================
Received Import Request.
  Time since last request: 0.000037 seconds.
  path: Assets/Class13th(Physics)/Saritasa/Models/Sport_Balls/Materials/Soccer_A.png
  artifactKey: Guid(35ad1334086b77b46b08f1fc65916a2a) Importer(815301076,1909f56bfc062723c751e8b465ee728b)
Start importing Assets/Class13th(Physics)/Saritasa/Models/Sport_Balls/Materials/Soccer_A.png using Guid(35ad1334086b77b46b08f1fc65916a2a) Importer(815301076,1909f56bfc062723c751e8b465ee728b) [PhysX] Initialized MultithreadedTaskDispatcher with 12 workers.
[PhysX] Initialized MultithreadedTaskDispatcher with 12 workers.
 -> (artifact id: 'fed8e7035770701dcbe327ea28a82f56') in 0.028389 seconds
Number of updated asset objects reloaded before import = 0
Number of asset objects unloaded after import = 2
========================================================================
Received Import Request.
  Time since last request: 0.000024 seconds.
  path: Assets/Class13th(Physics)/Saritasa/Models/Sport_Balls/Materials/Volleyball_N.png
  artifactKey: Guid(8c701754b9aa40947bcc02abf14c0748) Importer(815301076,1909f56bfc062723c751e8b465ee728b)
Start importing Assets/Class13th(Physics)/Saritasa/Models/Sport_Balls/Materials/Volleyball_N.png using Guid(8c701754b9aa40947bcc02abf14c0748) Importer(815301076,1909f56bfc062723c751e8b465ee728b) [PhysX] Initialized MultithreadedTaskDispatcher with 12 workers.
[PhysX] Initialized MultithreadedTaskDispatcher with 12 workers.
 -> (artifact id: '44bd1f8616c941e04c185c5866a5d184') in 0.034905 seconds
Number of updated asset objects reloaded before import = 0
Number of asset objects unloaded after import = 2
========================================================================
Received Import Request.
  Time since last request: 0.000107 seconds.
  path: Assets/Class13th(Physics)/Saritasa/Models/Sport_Balls/Materials/Golf_N.png
  artifactKey: Guid(7287fabc732894948b727d51c82ce779) Importer(815301076,1909f56bfc062723c751e8b465ee728b)
Start importing Assets/Class13th(Physics)/Saritasa/Models/Sport_Balls/Materials/Golf_N.png using Guid(7287fabc732894948b727d51c82ce779) Importer(815301076,1909f56bfc062723c751e8b465ee728b) [PhysX] Initialized MultithreadedTaskDispatcher with 12 workers.
[PhysX] Initialized MultithreadedTaskDispatcher with 12 workers.
 -> (artifact id: '32527da4b442279cf647bc0434e461ad') in 0.022256 seconds
Number of updated asset objects reloaded before import = 0
Number of asset objects unloaded after import = 2
========================================================================
Received Import Request.
  Time since last request: 0.000028 seconds.
  path: Assets/Class13th(Physics)/Saritasa/Models/Sport_Balls/Materials/Basketball_MAOS.png
  artifactKey: Guid(8d8f38ddf0e9eae46b01438a278b3502) Importer(815301076,1909f56bfc062723c751e8b465ee728b)
Start importing Assets/Class13th(Physics)/Saritasa/Models/Sport_Balls/Materials/Basketball_MAOS.png using Guid(8d8f38ddf0e9eae46b01438a278b3502) Importer(815301076,1909f56bfc062723c751e8b465ee728b) [PhysX] Initialized MultithreadedTaskDispatcher with 12 workers.
[PhysX] Initialized MultithreadedTaskDispatcher with 12 workers.
 -> (artifact id: '7eabebfb99e73631c2196ef77f85471a') in 0.025988 seconds
Number of updated asset objects reloaded before import = 0
Number of asset objects unloaded after import = 2
========================================================================
Received Import Request.
  Time since last request: 0.000123 seconds.
  path: Assets/Class13th(Physics)/Saritasa/Models/Sport_Balls/Materials/Soccer_MAOS.png
  artifactKey: Guid(67e82db206f91584d871d1b222985a95) Importer(815301076,1909f56bfc062723c751e8b465ee728b)
Start importing Assets/Class13th(Physics)/Saritasa/Models/Sport_Balls/Materials/Soccer_MAOS.png using Guid(67e82db206f91584d871d1b222985a95) Importer(815301076,1909f56bfc062723c751e8b465ee728b) [PhysX] Initialized MultithreadedTaskDispatcher with 12 workers.
[PhysX] Initialized MultithreadedTaskDispatcher with 12 workers.
 -> (artifact id: 'ddf4da0eda9f56d2db94a9fb24186559') in 0.036787 seconds
Number of updated asset objects reloaded before import = 0
Number of asset objects unloaded after import = 2
========================================================================
Received Import Request.
  Time since last request: 0.000043 seconds.
  path: Assets/Class13th(Physics)/Saritasa/Models/Sport_Balls/Materials/Basketball_N.png
  artifactKey: Guid(b2c187e2fbcc28b41bd4d0b27ab48a96) Importer(815301076,1909f56bfc062723c751e8b465ee728b)
Start importing Assets/Class13th(Physics)/Saritasa/Models/Sport_Balls/Materials/Basketball_N.png using Guid(b2c187e2fbcc28b41bd4d0b27ab48a96) Importer(815301076,1909f56bfc062723c751e8b465ee728b) [PhysX] Initialized MultithreadedTaskDispatcher with 12 workers.
[PhysX] Initialized MultithreadedTaskDispatcher with 12 workers.
 -> (artifact id: 'bf0e3a58920214b804aa6ca46653a287') in 0.021145 seconds
Number of updated asset objects reloaded before import = 0
Number of asset objects unloaded after import = 2
========================================================================
Received Import Request.
  Time since last request: 0.000046 seconds.
  path: Assets/Class13th(Physics)/Saritasa/Models/Sport_Balls/Materials/Volleyball_MAOS.png
  artifactKey: Guid(35a580d1bbef7f4479236d2f12bdbb1f) Importer(815301076,1909f56bfc062723c751e8b465ee728b)
Start importing Assets/Class13th(Physics)/Saritasa/Models/Sport_Balls/Materials/Volleyball_MAOS.png using Guid(35a580d1bbef7f4479236d2f12bdbb1f) Importer(815301076,1909f56bfc062723c751e8b465ee728b) [PhysX] Initialized MultithreadedTaskDispatcher with 12 workers.
[PhysX] Initialized MultithreadedTaskDispatcher with 12 workers.
 -> (artifact id: '066828df1a2ee7b5c5116819f13d5a65') in 0.025323 seconds
Number of updated asset objects reloaded before import = 0
Number of asset objects unloaded after import = 2
========================================================================
Received Import Request.
  Time since last request: 0.000056 seconds.
  path: Assets/Class13th(Physics)/Saritasa/Models/Sport_Balls/Materials/Golf_A.png
  artifactKey: Guid(fd4edfbb1cbeea4419887d10799743ce) Importer(815301076,1909f56bfc062723c751e8b465ee728b)
Start importing Assets/Class13th(Physics)/Saritasa/Models/Sport_Balls/Materials/Golf_A.png using Guid(fd4edfbb1cbeea4419887d10799743ce) Importer(815301076,1909f56bfc062723c751e8b465ee728b) [PhysX] Initialized MultithreadedTaskDispatcher with 12 workers.
[PhysX] Initialized MultithreadedTaskDispatcher with 12 workers.
 -> (artifact id: '2e5c0c5b3b4f5058ecedd66d69b2ef3e') in 0.021059 seconds
Number of updated asset objects reloaded before import = 0
Number of asset objects unloaded after import = 2
========================================================================
Received Import Request.
  Time since last request: 0.000087 seconds.
  path: Assets/Class13th(Physics)/Saritasa/Models/Sport_Balls/Materials/Baseball_MAOS.png
  artifactKey: Guid(c147e8620f258bb48a5bec9b4dc1b160) Importer(815301076,1909f56bfc062723c751e8b465ee728b)
Start importing Assets/Class13th(Physics)/Saritasa/Models/Sport_Balls/Materials/Baseball_MAOS.png using Guid(c147e8620f258bb48a5bec9b4dc1b160) Importer(815301076,1909f56bfc062723c751e8b465ee728b) [PhysX] Initialized MultithreadedTaskDispatcher with 12 workers.
[PhysX] Initialized MultithreadedTaskDispatcher with 12 workers.
 -> (artifact id: '9369228f2afefc2b62fb6601a1580995') in 0.021218 seconds
Number of updated asset objects reloaded before import = 0
Number of asset objects unloaded after import = 2
========================================================================
Received Import Request.
  Time since last request: 0.000037 seconds.
  path: Assets/Class13th(Physics)/Saritasa/Models/Sport_Balls/Materials/Volleyball.mat
  artifactKey: Guid(be31224625b60e548947d91b1b12444f) Importer(815301076,1909f56bfc062723c751e8b465ee728b)
Start importing Assets/Class13th(Physics)/Saritasa/Models/Sport_Balls/Materials/Volleyball.mat using Guid(be31224625b60e548947d91b1b12444f) Importer(815301076,1909f56bfc062723c751e8b465ee728b) [PhysX] Initialized MultithreadedTaskDispatcher with 12 workers.
[PhysX] Initialized MultithreadedTaskDispatcher with 12 workers.
 -> (artifact id: '6a432fbf52108b4678aa4993a3530b94') in 0.033754 seconds
Number of updated asset objects reloaded before import = 0
Number of asset objects unloaded after import = 4
========================================================================
Received Import Request.
  Time since last request: 0.000089 seconds.
  path: Assets/Class13th(Physics)/Saritasa/Models/Sport_Balls/Materials/Volleyball_A.png
  artifactKey: Guid(d7526ee04e7dc644aa2c1f3582028c70) Importer(815301076,1909f56bfc062723c751e8b465ee728b)
Start importing Assets/Class13th(Physics)/Saritasa/Models/Sport_Balls/Materials/Volleyball_A.png using Guid(d7526ee04e7dc644aa2c1f3582028c70) Importer(815301076,1909f56bfc062723c751e8b465ee728b) [PhysX] Initialized MultithreadedTaskDispatcher with 12 workers.
[PhysX] Initialized MultithreadedTaskDispatcher with 12 workers.
 -> (artifact id: '10673f36640db6e715e85d7d5ac00b28') in 0.019368 seconds
Number of updated asset objects reloaded before import = 0
Number of asset objects unloaded after import = 2
========================================================================
Received Import Request.
  Time since last request: 0.000023 seconds.
  path: Assets/Class13th(Physics)/Saritasa/Models/Sport_Balls/Materials/Tennis.mat
  artifactKey: Guid(46cd282e7ca7bad41909148e70f09fb9) Importer(815301076,1909f56bfc062723c751e8b465ee728b)
Start importing Assets/Class13th(Physics)/Saritasa/Models/Sport_Balls/Materials/Tennis.mat using Guid(46cd282e7ca7bad41909148e70f09fb9) Importer(815301076,1909f56bfc062723c751e8b465ee728b) [PhysX] Initialized MultithreadedTaskDispatcher with 12 workers.
[PhysX] Initialized MultithreadedTaskDispatcher with 12 workers.
 -> (artifact id: '22b30bf81cdcbe3f7027818915eb4b3c') in 0.023462 seconds
Number of updated asset objects reloaded before import = 0
Number of asset objects unloaded after import = 4
========================================================================
Received Import Request.
  Time since last request: 111.073964 seconds.
  path: Assets/Class13th(Physics)/Phsics Materialss
  artifactKey: Guid(e22b6a4929fe9774e87f5e7426b2ea9b) Importer(815301076,1909f56bfc062723c751e8b465ee728b)
Start importing Assets/Class13th(Physics)/Phsics Materialss using Guid(e22b6a4929fe9774e87f5e7426b2ea9b) Importer(815301076,1909f56bfc062723c751e8b465ee728b) [PhysX] Initialized MultithreadedTaskDispatcher with 12 workers.
 -> (artifact id: '4b15de9aea8885c795e3b6dd90fa0c1d') in 0.000657 seconds
Number of updated asset objects reloaded before import = 0
Number of asset objects unloaded after import = 0
========================================================================
Received Import Request.
  Time since last request: 112.320375 seconds.
  path: Assets/Class13th(Physics)/Phsics Materialss/Physic Material.physicMaterial
  artifactKey: Guid(d8f4bc6e014414a4ba7e5f459a1915ae) Importer(815301076,1909f56bfc062723c751e8b465ee728b)
Start importing Assets/Class13th(Physics)/Phsics Materialss/Physic Material.physicMaterial using Guid(d8f4bc6e014414a4ba7e5f459a1915ae) Importer(815301076,1909f56bfc062723c751e8b465ee728b) [PhysX] Initialized MultithreadedTaskDispatcher with 12 workers.
 -> (artifact id: 'aac2afe1a364742766141dcda0cbd791') in 0.001242 seconds
Number of updated asset objects reloaded before import = 0
Number of asset objects unloaded after import = 1
